// Vitest Snapshot v1, https://vitest.dev/guide/snapshot.html

exports[`getFileList 1`] = `
[
  "config.ts",
  "index.ts",
  "knowledge.ts",
  "typings.ts",
  "utils.ts",
  "components/schema.ts",
  "components/account/json.ts",
  "components/account/markdown.ts",
  "components/account/schema.ts",
  "components/action/json.ts",
  "components/action/markdown.ts",
  "components/action/schema.ts",
  "components/audio/json.ts",
  "components/audio/markdown.ts",
  "components/audio/schema.ts",
  "components/card/json.ts",
  "components/card/markdown.ts",
  "components/card/schema.ts",
  "components/carousel/json.ts",
  "components/carousel/schema.ts",
  "components/doc/json.ts",
  "components/doc/markdown.ts",
  "components/doc/schema.ts",
  "components/doc/utils.ts",
  "components/footer/json.ts",
  "components/footer/schema.ts",
  "components/grid/json.ts",
  "components/grid/markdown.ts",
  "components/grid/schema.ts",
  "components/img/json.ts",
  "components/img/markdown.ts",
  "components/img/schema.ts",
  "components/list/json.ts",
  "components/list/markdown.ts",
  "components/list/schema.ts",
  "components/location/json.ts",
  "components/location/markdown.ts",
  "components/location/schema.ts",
  "components/phone/json.ts",
  "components/phone/markdown.ts",
  "components/phone/schema.ts",
  "components/table/json.ts",
  "components/table/markdown.ts",
  "components/table/schema.ts",
  "components/text/json.ts",
  "components/text/markdown.ts",
  "components/text/schema.ts",
  "components/title/json.ts",
  "components/title/markdown.ts",
  "components/title/schema.ts",
  "components/video/json.ts",
  "components/video/markdown.ts",
  "components/video/schema.ts",
  "generator/account.ts",
  "generator/index.ts",
  "generator/map.ts",
  "generator/music.ts",
  "generator/pageIndexes.ts",
  "generator/svgIcons.ts",
  "generator/typings.ts",
  "helpers/accessToken.ts",
  "helpers/checkAssets.ts",
  "helpers/getFileList.ts",
  "helpers/getFileMap.ts",
  "helpers/git.ts",
  "helpers/index.ts",
  "helpers/json.ts",
  "helpers/oss.ts",
  "helpers/promiseQueue.ts",
  "helpers/svg.ts",
  "helpers/wordCount.ts",
  "helpers/yaml.ts",
  "page/index.ts",
  "page/json.ts",
  "page/markdown.ts",
  "page/schema.ts",
  "page/text.ts",
  "schema/account.ts",
  "schema/common.ts",
  "schema/index.ts",
  "schema/map.ts",
  "schema/music.ts",
  "schema/pageIndexes.ts",
]
`;
